\BOOKMARK [1][-]{section.1}{Course Description}{}% 1
\BOOKMARK [1][-]{section.2}{Learning Outcomes}{}% 2
\BOOKMARK [1][-]{section.3}{Course Questions}{}% 3
\BOOKMARK [1][-]{section.4}{Projects and Assignments}{}% 4
\BOOKMARK [2][-]{subsection.4.1}{Project I: Data Investigation}{section.4}% 5
\BOOKMARK [2][-]{subsection.4.2}{Project II: Designed Data Application}{section.4}% 6
\BOOKMARK [2][-]{subsection.4.3}{Final Project: Pretrained Model Application}{section.4}% 7
\BOOKMARK [1][-]{section.5}{Evaluation}{}% 8
\BOOKMARK [1][-]{section.6}{Working With Generative AI}{}% 9
\BOOKMARK [1][-]{section.7}{Materials and Computing}{}% 10
\BOOKMARK [1][-]{section.8}{Course Calendar}{}% 11
\BOOKMARK [1][-]{section.9}{Community Agreements}{}% 12
\BOOKMARK [1][-]{section.10}{Course Policies}{}% 13
\BOOKMARK [2][-]{subsection.10.1}{Responsibility}{section.10}% 14
\BOOKMARK [2][-]{subsection.10.2}{Participation}{section.10}% 15
\BOOKMARK [2][-]{subsection.10.3}{Canvas and Course Materials}{section.10}% 16
\BOOKMARK [1][-]{section.11}{Attendance}{}% 17
\BOOKMARK [1][-]{section.12}{Academic Integrity}{}% 18
\BOOKMARK [1][-]{section.13}{University Resources}{}% 19
\BOOKMARK [1][-]{section.14}{A Note on the Calendar}{}% 20
